// Jest Snapshot v1, https://goo.gl/fbAQLP

exports[`generateLinkedList should generate linked list from values 2 1`] = `
{
  "next": {
    "next": {
      "next": {
        "next": null,
        "value": null,
      },
      "value": {
        "id": 6,
        "name": "Power Rangers",
        "rating": 6,
      },
    },
    "value": {
      "id": 5,
      "name": "Zeland",
      "rating": 8,
    },
  },
  "value": {
    "id": 4,
    "name": "Love story",
    "rating": 6.7,
  },
}
`;
